=== Old Resource List ===
Resource type: service [ROOT] [INLINE]
Instances: 1/1
Agent: service.sh
Attributes:
  name = test1 [ primary unique required ]

=== New Resource List ===
Resource type: service [ROOT]
Instances: 1/1
Agent: service.sh
Attributes:
  name = test1 [ primary unique required ]

=== Old Resource Tree ===
service {
  name = "test1";
}
=== New Resource Tree ===
service {
  name = "test1";
}
