Warning: Max references exceeded for resource address (type ip)
Stopping test1...
[stop] script:initscript
[stop] ip:192.168.1.3
[stop] nfsclient:red
[stop] nfsclient:User group
[stop] nfsclient:Admin group
[stop] nfsexport:Dummy Export
[stop] fs:mount1
[stop] service:test1
Stop of test1 complete
Warning: Max references exceeded for resource address (type ip)
Stopping test2...
[stop] script:initscript
[stop] ip:192.168.1.4
[stop] nfsclient:red
[stop] nfsclient:User group
[stop] nfsclient:Admin group
[stop] nfsexport:Dummy Export
[stop] fs:mount2
[stop] service:test2
Stop of test2 complete
