=== Resources List ===
Resource type: script
Agent: script.sh
Attributes:
  name = initscript [ primary unique ]
  file = /etc/init.d/httpd [ unique required ]
  service_name [ inherit("service%name") ]

Resource type: service
Instances: 1/1
Agent: service.sh
Attributes:
  name = test1 [ primary unique required ]

=== Resource Tree ===
service {
  name = "test1";
  script {
    name = "initscript";
    file = "/etc/init.d/httpd";
    service_name = "test1";
  }
}
